Flow report for fm_demodulator
Wed Mar 15 13:19:42 2023
Quartus Prime Version 21.1.1 Build 850 06/23/2022 SJ Lite Edition


---------------------
; Table of Contents ;
---------------------
  1. Legal Notice
  2. Flow Summary
  3. Flow Settings
  4. Flow Non-Default Global Settings
  5. Flow Elapsed Time
  6. Flow OS Summary
  7. Flow Log
  8. Flow Messages
  9. Flow Suppressed Messages



----------------
; Legal Notice ;
----------------
Copyright (C) 2022  Intel Corporation. All rights reserved.
Your use of Intel Corporation's design tools, logic functions 
and other software and tools, and any partner logic 
functions, and any output files from any of the foregoing 
(including device programming or simulation files), and any 
associated documentation or information are expressly subject 
to the terms and conditions of the Intel Program License 
Subscription Agreement, the Intel Quartus Prime License Agreement,
the Intel FPGA IP License Agreement, or other applicable license
agreement, including, without limitation, that your use is for
the sole purpose of programming logic devices manufactured by
Intel and sold by Intel or its authorized distributors.  Please
refer to the applicable agreement for further details, at
https://fpgasoftware.intel.com/eula.



+----------------------------------------------------------------------------------+
; Flow Summary                                                                     ;
+------------------------------------+---------------------------------------------+
; Flow Status                        ; Successful - Wed Mar 15 13:19:34 2023       ;
; Quartus Prime Version              ; 21.1.1 Build 850 06/23/2022 SJ Lite Edition ;
; Revision Name                      ; fm_demodulator                              ;
; Top-level Entity Name              ; uart_loopback                               ;
; Family                             ; MAX 10                                      ;
; Device                             ; 10M08SAU169C8G                              ;
; Timing Models                      ; Final                                       ;
; Total logic elements               ; 7,639 / 8,064 ( 95 % )                      ;
;     Total combinational functions  ; 6,523 / 8,064 ( 81 % )                      ;
;     Dedicated logic registers      ; 5,700 / 8,064 ( 71 % )                      ;
; Total registers                    ; 5700                                        ;
; Total pins                         ; 4 / 130 ( 3 % )                             ;
; Total virtual pins                 ; 0                                           ;
; Total memory bits                  ; 0 / 387,072 ( 0 % )                         ;
; Embedded Multiplier 9-bit elements ; 48 / 48 ( 100 % )                           ;
; Total PLLs                         ; 1 / 1 ( 100 % )                             ;
; UFM blocks                         ; 0 / 1 ( 0 % )                               ;
; ADC blocks                         ; 0 / 1 ( 0 % )                               ;
+------------------------------------+---------------------------------------------+


+-----------------------------------------+
; Flow Settings                           ;
+-------------------+---------------------+
; Option            ; Setting             ;
+-------------------+---------------------+
; Start date & time ; 03/15/2023 13:15:41 ;
; Main task         ; Compilation         ;
; Revision Name     ; fm_demodulator      ;
+-------------------+---------------------+


+----------------------------------------------------------------------------------------------------------------------------+
; Flow Non-Default Global Settings                                                                                           ;
+-------------------------------------+----------------------------------------+----------------+---------------+------------+
; Assignment Name                     ; Value                                  ; Default Value  ; Entity Name   ; Section Id ;
+-------------------------------------+----------------------------------------+----------------+---------------+------------+
; COMPILER_SIGNATURE_ID               ; 62645638035508.167888254110164         ; --             ; --            ; --         ;
; ENABLE_SIGNALTAP                    ; On                                     ; --             ; --            ; --         ;
; MAX_CORE_JUNCTION_TEMP              ; 85                                     ; --             ; --            ; --         ;
; MIN_CORE_JUNCTION_TEMP              ; 0                                      ; --             ; --            ; --         ;
; MISC_FILE                           ; logic_pll.ppf                          ; --             ; --            ; --         ;
; PARTITION_COLOR                     ; -- (Not supported for targeted family) ; --             ; uart_loopback ; Top        ;
; PARTITION_FITTER_PRESERVATION_LEVEL ; -- (Not supported for targeted family) ; --             ; uart_loopback ; Top        ;
; PARTITION_NETLIST_TYPE              ; -- (Not supported for targeted family) ; --             ; uart_loopback ; Top        ;
; PROJECT_OUTPUT_DIRECTORY            ; output_files                           ; --             ; --            ; --         ;
; SLD_FILE                            ; db/stp1_auto_stripped.stp              ; --             ; --            ; --         ;
; TOP_LEVEL_ENTITY                    ; uart_loopback                          ; fm_demodulator ; --            ; --         ;
; USE_SIGNALTAP_FILE                  ; stp1.stp                               ; --             ; --            ; --         ;
+-------------------------------------+----------------------------------------+----------------+---------------+------------+


+--------------------------------------------------------------------------------------------------------------------------+
; Flow Elapsed Time                                                                                                        ;
+----------------------+--------------+-------------------------+---------------------+------------------------------------+
; Module Name          ; Elapsed Time ; Average Processors Used ; Peak Virtual Memory ; Total CPU Time (on all processors) ;
+----------------------+--------------+-------------------------+---------------------+------------------------------------+
; Analysis & Synthesis ; 00:00:22     ; 1.0                     ; 4876 MB             ; 00:00:30                           ;
; Fitter               ; 00:03:18     ; 1.1                     ; 5673 MB             ; 00:05:33                           ;
; Assembler            ; 00:00:01     ; 1.0                     ; 4729 MB             ; 00:00:01                           ;
; Power Analyzer       ; 00:00:06     ; 2.2                     ; 4889 MB             ; 00:00:14                           ;
; Timing Analyzer      ; 00:00:06     ; 2.4                     ; 4879 MB             ; 00:00:14                           ;
; Total                ; 00:03:53     ; --                      ; --                  ; 00:06:32                           ;
+----------------------+--------------+-------------------------+---------------------+------------------------------------+


+------------------------------------------------------------------------------------+
; Flow OS Summary                                                                    ;
+----------------------+------------------+------------+------------+----------------+
; Module Name          ; Machine Hostname ; OS Name    ; OS Version ; Processor type ;
+----------------------+------------------+------------+------------+----------------+
; Analysis & Synthesis ; DESKTOP-2A41VS7  ; Windows 10 ; 10.0       ; x86_64         ;
; Fitter               ; DESKTOP-2A41VS7  ; Windows 10 ; 10.0       ; x86_64         ;
; Assembler            ; DESKTOP-2A41VS7  ; Windows 10 ; 10.0       ; x86_64         ;
; Power Analyzer       ; DESKTOP-2A41VS7  ; Windows 10 ; 10.0       ; x86_64         ;
; Timing Analyzer      ; DESKTOP-2A41VS7  ; Windows 10 ; 10.0       ; x86_64         ;
+----------------------+------------------+------------+------------+----------------+


------------
; Flow Log ;
------------
quartus_map --read_settings_files=on --write_settings_files=off fm_demodulator -c fm_demodulator
quartus_fit --read_settings_files=off --write_settings_files=off fm_demodulator -c fm_demodulator
quartus_asm --read_settings_files=off --write_settings_files=off fm_demodulator -c fm_demodulator
quartus_pow --read_settings_files=off --write_settings_files=off fm_demodulator -c fm_demodulator
quartus_sta fm_demodulator -c fm_demodulator



