------------------------------------------------------------
Timing Analyzer Summary
------------------------------------------------------------

Type  : Slow 1200mV 85C Model Setup 'PLL|altpll_component|auto_generated|pll1|clk[0]'
Slack : 4311.703
TNS   : 0.000

Type  : Slow 1200mV 85C Model Hold 'PLL|altpll_component|auto_generated|pll1|clk[0]'
Slack : 0.360
TNS   : 0.000

Type  : Slow 1200mV 85C Model Minimum Pulse Width 'clk'
Slack : 41.541
TNS   : 0.000

Type  : Slow 1200mV 85C Model Minimum Pulse Width 'PLL|altpll_component|auto_generated|pll1|clk[0]'
Slack : 2169.661
TNS   : 0.000

Type  : Slow 1200mV 0C Model Setup 'PLL|altpll_component|auto_generated|pll1|clk[0]'
Slack : 4312.931
TNS   : 0.000

Type  : Slow 1200mV 0C Model Hold 'PLL|altpll_component|auto_generated|pll1|clk[0]'
Slack : 0.322
TNS   : 0.000

Type  : Slow 1200mV 0C Model Minimum Pulse Width 'clk'
Slack : 41.545
TNS   : 0.000

Type  : Slow 1200mV 0C Model Minimum Pulse Width 'PLL|altpll_component|auto_generated|pll1|clk[0]'
Slack : 2169.663
TNS   : 0.000

Type  : Fast 1200mV 0C Model Setup 'PLL|altpll_component|auto_generated|pll1|clk[0]'
Slack : 4328.401
TNS   : 0.000

Type  : Fast 1200mV 0C Model Hold 'PLL|altpll_component|auto_generated|pll1|clk[0]'
Slack : 0.150
TNS   : 0.000

Type  : Fast 1200mV 0C Model Minimum Pulse Width 'clk'
Slack : 41.170
TNS   : 0.000

Type  : Fast 1200mV 0C Model Minimum Pulse Width 'PLL|altpll_component|auto_generated|pll1|clk[0]'
Slack : 2169.909
TNS   : 0.000

------------------------------------------------------------
